// Jest Snapshot v1, https://goo.gl/fbAQLP

exports[`Section should render its children inside a div with a "section" class 1`] = `
<section
  className="section"
>
  <h2
    className="title"
  >
    My title
  </h2>
  <span>
    foo
  </span>
</section>
`;
